setup ctx symbols: 
mount OK: liangshen
(node:8796) ExperimentalWarning: stripTypeScriptTypes is an experimental feature and might change at any time
(Use `node --trace-warnings ...` to show where the warning was created)
## Top-level directories under `packages/`

Listing `/Users/zcl/code/dsh-web-ui/packages/` directly yields **13 top-level directories** (plus one file, `AGENTS.md`):

| # | Directory | Has `package.json` at top level |
|---|---|---|
| 1 | `dsh-aionui-panel` | ✅ |
| 2 | `dsh-git-graph` | ✅ |
| 3 | `dsh-liangshen` | ✅ |
| 4 | `dsh-live-stats` | ✅ |
| 5 | `dsh-pet` | ✅ |
| 6 | `dsh-remote-web-ui` | ✅ |
| 7 | `dsh-skins` | ✅ |
| 8 | `dsh-ssh` | ✅ |
| 9 | `dsh-task-board` | ✅ |
| 10 | `dsh-tool-describe-image` | ✅ |
| 11 | `dsh-web-ui-all` | ✅ |
| 12 | `dsh-web-ui-settings` | ✅ |
| 13 | `skins` | ❌ (container, no package.json of its own) |

### Count

- **12 top-level package directories** — each has its own `package.json`.
- **13 top-level directories total** — the extra one is `skins/`, which is a grouping folder (per `pnpm-workspace.yaml`'s `packages/skins/*` entry) containing 11 skin packages (`blue-fantasy`, `dragon-heir`, `harbor`, `miku`, `minecraft`, `qq98`, `skin-center`, `ths`, `trading`, `whale-song`, `xp`), each with its own `package.json`.
